{"type": "system.store_started", "message": "--- NEW SESSION ---"}
{"type": "system.store_started", "message": "--- NEW SESSION ---"}
{"event_id": "6de7659a-ecd3-496f-8365-8bea2ed3543a", "type": "state_changed", "source": "state_manager", "data": {"task_id": "task_1", "from": "PENDING", "to": "RUNNING"}, "timestamp": "2026-07-16T23:37:08.407139", "parent_id": null}
{"event_id": "e13ec5c3-2a71-421e-9671-06c8fb8dbfce", "type": "task.started", "source": "executor", "data": {"task_id": "task_1"}, "timestamp": "2026-07-16T23:37:08.408394", "parent_id": null}
{"event_id": "168e86d6-0108-41c6-a9f1-f95981985f4e", "type": "state_changed", "source": "state_manager", "data": {"task_id": "task_1", "from": "RUNNING", "to": "COMPLETED"}, "timestamp": "2026-07-16T23:37:08.426106", "parent_id": null}
{"event_id": "7fa095e2-264a-4b4b-88ed-59b484ea4b06", "type": "task.finished", "source": "executor", "data": {"task_id": "task_1", "result": {"status": "success", "output": {"path": "/virtual/data.txt"}, "error": null, "undo_action": {"agent": "FileAgent"}}}, "timestamp": "2026-07-16T23:37:08.425902", "parent_id": null}
{"event_id": "3f60d6fe-0525-4a26-9a00-d4dd22d4983a", "type": "state_changed", "source": "state_manager", "data": {"task_id": "task_2", "from": "PENDING", "to": "RUNNING"}, "timestamp": "2026-07-16T23:37:08.431854", "parent_id": null}
{"event_id": "8a73320f-9945-46e5-ac6b-20b7ec99ef43", "type": "task.started", "source": "executor", "data": {"task_id": "task_2"}, "timestamp": "2026-07-16T23:37:08.432891", "parent_id": null}
{"event_id": "457ae69c-39ed-41a5-a886-e4f4dce744c5", "type": "state_changed", "source": "state_manager", "data": {"task_id": "task_2", "from": "RUNNING", "to": "FAILED"}, "timestamp": "2026-07-16T23:37:11.466740", "parent_id": null}
{"event_id": "fabdf450-31ac-43d3-9a9c-6e2cefd4eb2e", "type": "task.finished", "source": "executor", "data": {"task_id": "task_2", "result": {"status": "failed", "output": {}, "error": "Manual Triggered Failure", "undo_action": {"agent": "FailAgent"}}}, "timestamp": "2026-07-16T23:37:11.466546", "parent_id": null}
{"event_id": "bcea48e6-63e6-4888-86ae-a3f52b62e20c", "type": "state_changed", "source": "state_manager", "data": {"task_id": "task_1", "from": "COMPLETED", "to": "ROLLING_BACK"}, "timestamp": "2026-07-16T23:37:11.468417", "parent_id": null}
{"event_id": "0bcbd768-3820-4c36-9705-ac0c4a47a66c", "type": "task.started", "source": "executor", "data": {"task_id": "task_1"}, "timestamp": "2026-07-16T23:37:11.469285", "parent_id": null}
{"event_id": "9b36831a-6471-4031-89dd-17ae8dba4b7e", "type": "task.finished", "source": "executor", "data": {"task_id": "task_1", "result": {"status": "success", "output": {"msg": "Cleanup complete"}, "error": null, "undo_action": {"agent": "FileAgent"}}}, "timestamp": "2026-07-16T23:37:11.470262", "parent_id": null}
{"event_id": "27202604-0bb0-46d4-90bd-b7f78cdb4ba4", "type": "state_changed", "source": "state_manager", "data": {"task_id": "task_1", "from": "ROLLING_BACK", "to": "CANCELLED"}, "timestamp": "2026-07-16T23:37:11.471153", "parent_id": null}
{"type": "system.store_started", "message": "--- NEW SESSION ---"}
{"event_id": "762035fd-c1d5-45b4-941d-e031540788ea", "type": "state_changed", "source": "state_manager", "data": {"task_id": "task_1", "from": "PENDING", "to": "RUNNING"}, "timestamp": "2026-07-16T23:47:11.181685", "parent_id": null}
{"event_id": "dfee544e-578c-4c4b-a76a-bfab4d8f880d", "type": "task.started", "source": "executor", "data": {"task_id": "task_1"}, "timestamp": "2026-07-16T23:47:11.183055", "parent_id": null}
{"event_id": "4cf15da3-04e2-4300-85a1-a94b0c4fbff2", "type": "state_changed", "source": "state_manager", "data": {"task_id": "task_1", "from": "RUNNING", "to": "COMPLETED"}, "timestamp": "2026-07-16T23:47:11.193191", "parent_id": null}
{"event_id": "20fd18e6-d836-4c7c-b74f-d6b191597524", "type": "task.finished", "source": "executor", "data": {"task_id": "task_1", "result": {"status": "success", "output": {"path": "/virtual/data.txt"}, "error": null, "undo_action": {"agent": "FileAgent"}}}, "timestamp": "2026-07-16T23:47:11.192983", "parent_id": null}
{"event_id": "226fc37c-9b5d-4fbe-a181-9d88a2acf823", "type": "state_changed", "source": "state_manager", "data": {"task_id": "task_1.5", "from": "PENDING", "to": "RUNNING"}, "timestamp": "2026-07-16T23:47:11.197175", "parent_id": null}
{"event_id": "79001883-b9c5-485d-9ba7-6a76b7fc99c3", "type": "task.started", "source": "executor", "data": {"task_id": "task_1.5"}, "timestamp": "2026-07-16T23:47:11.198108", "parent_id": null}
{"event_id": "d25fb836-76fb-4360-a941-15c0d7d091c0", "type": "state_changed", "source": "state_manager", "data": {"task_id": "task_1.5", "from": "RUNNING", "to": "COMPLETED"}, "timestamp": "2026-07-16T23:47:11.199428", "parent_id": null}
{"event_id": "5ac94b06-7749-416a-bf16-2b80c422b36a", "type": "task.finished", "source": "executor", "data": {"task_id": "task_1.5", "result": {"status": "success", "output": {"path": "/virtual/bad.txt"}, "error": null, "undo_action": {"agent": "BadUndoAgent"}}}, "timestamp": "2026-07-16T23:47:11.199278", "parent_id": null}
{"event_id": "f34b1a12-f41a-438a-b63e-177c0c9d19f4", "type": "state_changed", "source": "state_manager", "data": {"task_id": "task_2", "from": "PENDING", "to": "RUNNING"}, "timestamp": "2026-07-16T23:47:11.205055", "parent_id": null}
{"event_id": "c85b14b6-fc37-47f3-bb40-a452baed9bd6", "type": "task.started", "source": "executor", "data": {"task_id": "task_2"}, "timestamp": "2026-07-16T23:47:11.206366", "parent_id": null}
{"event_id": "c4190fd8-f024-4652-a5ec-0639fbfc7be9", "type": "state_changed", "source": "state_manager", "data": {"task_id": "task_2", "from": "RUNNING", "to": "FAILED"}, "timestamp": "2026-07-16T23:47:14.294026", "parent_id": null}
{"event_id": "f5e2f41f-ce62-4947-a903-d1c8325cb458", "type": "task.finished", "source": "executor", "data": {"task_id": "task_2", "result": {"status": "failed", "output": {}, "error": "Manual Triggered Failure", "undo_action": {"agent": "FailAgent"}}}, "timestamp": "2026-07-16T23:47:14.293871", "parent_id": null}
{"event_id": "3129c5b9-49ed-45ea-a9d2-92931b91a8ce", "type": "state_changed", "source": "state_manager", "data": {"task_id": "task_1.5", "from": "COMPLETED", "to": "ROLLING_BACK"}, "timestamp": "2026-07-16T23:47:14.295754", "parent_id": null}
{"event_id": "9b3507ff-defe-4be5-991f-d5ea4357615d", "type": "task.started", "source": "executor", "data": {"task_id": "task_1.5"}, "timestamp": "2026-07-16T23:47:14.296580", "parent_id": null}
{"event_id": "da56abff-2fc4-4e7d-b615-d5286a6718c8", "type": "task.finished", "source": "executor", "data": {"task_id": "task_1.5", "result": {"status": "failed", "output": {}, "error": "Cannot delete file", "undo_action": {"agent": "BadUndoAgent"}}}, "timestamp": "2026-07-16T23:47:17.321204", "parent_id": null}
{"event_id": "f37dee7c-6121-4cda-ab48-b00f6cdd2cf6", "type": "state_changed", "source": "state_manager", "data": {"task_id": "task_1.5", "from": "ROLLING_BACK", "to": "ROLLBACK_FAILED"}, "timestamp": "2026-07-16T23:47:17.323177", "parent_id": null}
{"event_id": "9503e82f-da85-4ef0-85d2-9fb3ad22a580", "type": "state_changed", "source": "state_manager", "data": {"task_id": "task_1", "from": "COMPLETED", "to": "ROLLING_BACK"}, "timestamp": "2026-07-16T23:47:17.324855", "parent_id": null}
{"event_id": "36938b43-3112-4066-8137-943d022e22dc", "type": "task.started", "source": "executor", "data": {"task_id": "task_1"}, "timestamp": "2026-07-16T23:47:17.327941", "parent_id": null}
{"event_id": "27b777fd-49c8-4419-9a28-655643f23845", "type": "task.finished", "source": "executor", "data": {"task_id": "task_1", "result": {"status": "success", "output": {"msg": "Cleanup complete"}, "error": null, "undo_action": {"agent": "FileAgent"}}}, "timestamp": "2026-07-16T23:47:17.329438", "parent_id": null}
{"event_id": "94293e6c-85c2-4492-9fbf-e251c4f61629", "type": "state_changed", "source": "state_manager", "data": {"task_id": "task_1", "from": "ROLLING_BACK", "to": "CANCELLED"}, "timestamp": "2026-07-16T23:47:17.330284", "parent_id": null}
{"type": "system.store_started", "message": "--- NEW SESSION ---"}
{"event_id": "01af8d96-3c24-4e4a-ab19-ed0b1fc82b2c", "type": "state_changed", "source": "state_manager", "data": {"task_id": "parent_task_1", "from": "PENDING", "to": "RUNNING"}, "timestamp": "2026-07-16T23:56:19.702187", "parent_id": null}
{"event_id": "c8ebfa52-1cc0-43bd-bd81-4abff7f19c5c", "type": "task.started", "source": "executor", "data": {"task_id": "parent_task_1"}, "timestamp": "2026-07-16T23:56:19.703556", "parent_id": null}
{"event_id": "65b59da3-cf53-41b6-b031-e374ecf866fc", "type": "state_changed", "source": "state_manager", "data": {"task_id": "parent_task_1", "from": "RUNNING", "to": "COMPLETED"}, "timestamp": "2026-07-16T23:56:19.723761", "parent_id": null}
{"event_id": "4fe16ccf-a57f-4345-9afd-fa0d4e18c1f2", "type": "task.finished", "source": "executor", "data": {"task_id": "parent_task_1", "result": {"status": "success", "output": {"path": "/virtual/data.txt"}, "error": null, "undo_action": {"agent": "FileAgent"}}}, "timestamp": "2026-07-16T23:56:19.723427", "parent_id": null}
{"event_id": "1d2fa516-b886-422c-ad7f-74f9ef7036d2", "type": "state_changed", "source": "state_manager", "data": {"task_id": "parent_task_2", "from": "PENDING", "to": "RUNNING"}, "timestamp": "2026-07-16T23:56:19.726924", "parent_id": null}
{"event_id": "f5815bcf-6a71-4b79-84cd-714cb243970d", "type": "task.started", "source": "executor", "data": {"task_id": "parent_task_2"}, "timestamp": "2026-07-16T23:56:19.729243", "parent_id": null}
{"event_id": "4eb31365-3690-448d-8e43-2a3b3dcdeed2", "type": "state_changed", "source": "state_manager", "data": {"task_id": "child_task_1", "from": "PENDING", "to": "RUNNING"}, "timestamp": "2026-07-16T23:56:19.741031", "parent_id": null}
{"event_id": "3ffe726c-ad5a-4c36-a209-bfff78e58c8f", "type": "task.started", "source": "executor", "data": {"task_id": "child_task_1"}, "timestamp": "2026-07-16T23:56:19.742984", "parent_id": null}
{"event_id": "43d5b14f-6008-42fc-98ed-42fad7656945", "type": "state_changed", "source": "state_manager", "data": {"task_id": "child_task_1", "from": "RUNNING", "to": "COMPLETED"}, "timestamp": "2026-07-16T23:56:19.745885", "parent_id": null}
{"event_id": "f28af5e8-d78b-45a4-83ba-9fffce2979ee", "type": "state_changed", "source": "state_manager", "data": {"task_id": "child_task_1", "from": "COMPLETED", "to": "COMPLETED"}, "timestamp": "2026-07-16T23:56:19.749082", "parent_id": null}
{"event_id": "1ba2e4c8-1220-4217-8f2e-9777dbcc3caa", "type": "task.finished", "source": "executor", "data": {"task_id": "child_task_1", "result": {"status": "success", "output": {"path": "/virtual/data.txt"}, "error": null, "undo_action": {"agent": "FileAgent"}}}, "timestamp": "2026-07-16T23:56:19.745700", "parent_id": null}
{"event_id": "6b7a82a1-55fe-4859-b3fa-da6199731010", "type": "state_changed", "source": "state_manager", "data": {"task_id": "parent_task_2", "from": "RUNNING", "to": "COMPLETED"}, "timestamp": "2026-07-16T23:56:19.754038", "parent_id": null}
{"event_id": "1e17fc69-c62c-4941-b364-c14830a4ef99", "type": "state_changed", "source": "state_manager", "data": {"task_id": "parent_task_2", "from": "COMPLETED", "to": "COMPLETED"}, "timestamp": "2026-07-16T23:56:19.756502", "parent_id": null}
{"event_id": "07b0c2b8-b42e-42eb-a57c-cc7778a13651", "type": "task.finished", "source": "executor", "data": {"task_id": "parent_task_2", "result": {"status": "success", "output": {"child_workflow_id": "child_wf_01"}, "error": null, "undo_action": {"agent": "SubWorkflowAgent"}}}, "timestamp": "2026-07-16T23:56:19.753802", "parent_id": null}
{"event_id": "0e9e114f-b492-4e12-83e0-1247e4850712", "type": "state_changed", "source": "state_manager", "data": {"task_id": "parent_task_3", "from": "PENDING", "to": "RUNNING"}, "timestamp": "2026-07-16T23:56:19.760305", "parent_id": null}
{"event_id": "ad4562a9-1e5b-42ba-987a-b21e8fc1f0d6", "type": "task.started", "source": "executor", "data": {"task_id": "parent_task_3"}, "timestamp": "2026-07-16T23:56:19.761479", "parent_id": null}
{"event_id": "b2c0c888-a18e-49d3-a9a3-249caa106e66", "type": "state_changed", "source": "state_manager", "data": {"task_id": "parent_task_3", "from": "RUNNING", "to": "FAILED"}, "timestamp": "2026-07-16T23:56:22.769787", "parent_id": null}
{"event_id": "cfe39003-26ef-4578-ac59-1be3d53d16d1", "type": "state_changed", "source": "state_manager", "data": {"task_id": "parent_task_3", "from": "FAILED", "to": "FAILED"}, "timestamp": "2026-07-16T23:56:22.770715", "parent_id": null}
{"event_id": "c9f228c3-3e5f-475f-9915-c18bc463954d", "type": "task.finished", "source": "executor", "data": {"task_id": "parent_task_3", "result": {"status": "failed", "output": {}, "error": "Manual Triggered Failure", "undo_action": {"agent": "FailAgent"}}}, "timestamp": "2026-07-16T23:56:22.769626", "parent_id": null}
{"event_id": "480c45c4-86da-4dfc-a994-f601cdc9b235", "type": "state_changed", "source": "state_manager", "data": {"task_id": "parent_task_2", "from": "COMPLETED", "to": "ROLLING_BACK"}, "timestamp": "2026-07-16T23:56:22.772665", "parent_id": null}
{"event_id": "386ca888-72ac-4ff6-a8ad-4224ebceca08", "type": "task.started", "source": "executor", "data": {"task_id": "parent_task_2"}, "timestamp": "2026-07-16T23:56:22.773363", "parent_id": null}
{"event_id": "0cd88dea-5fe1-4791-890a-c84a5e367417", "type": "state_changed", "source": "state_manager", "data": {"task_id": "parent_task_2", "from": "ROLLING_BACK", "to": "ROLLING_BACK"}, "timestamp": "2026-07-16T23:56:22.775425", "parent_id": null}
{"event_id": "19e9b15d-107e-460e-b1fb-0847b33ffe47", "type": "task.started", "source": "executor", "data": {"task_id": "parent_task_2"}, "timestamp": "2026-07-16T23:56:22.776320", "parent_id": null}
{"event_id": "bc015b0b-5a7e-4f94-90f6-4ca8122ad863", "type": "state_changed", "source": "state_manager", "data": {"task_id": "child_task_1", "from": "COMPLETED", "to": "ROLLING_BACK"}, "timestamp": "2026-07-16T23:56:22.778845", "parent_id": null}
{"event_id": "6652c855-9e14-4a23-85d3-af6aa3a63393", "type": "task.started", "source": "executor", "data": {"task_id": "child_task_1"}, "timestamp": "2026-07-16T23:56:22.779980", "parent_id": null}
{"event_id": "568a7051-5cf4-4b13-9ce1-c00827b0ae5a", "type": "task.finished", "source": "executor", "data": {"task_id": "child_task_1", "result": {"status": "success", "output": {"msg": "Cleanup complete"}, "error": null, "undo_action": {"agent": "FileAgent"}}}, "timestamp": "2026-07-16T23:56:22.781495", "parent_id": null}
{"event_id": "a0f6304a-f190-4440-b8d2-e76834828eee", "type": "state_changed", "source": "state_manager", "data": {"task_id": "child_task_1", "from": "ROLLING_BACK", "to": "CANCELLED"}, "timestamp": "2026-07-16T23:56:22.782790", "parent_id": null}
{"event_id": "600b40e1-c17f-4a5b-bd4a-2da6d900acd9", "type": "task.finished", "source": "executor", "data": {"task_id": "parent_task_2", "result": {"status": "success", "output": {"msg": "Cascade complete"}, "error": null, "undo_action": {"agent": "SubWorkflowAgent"}}}, "timestamp": "2026-07-16T23:56:22.784430", "parent_id": null}
{"event_id": "4afdab0f-11e2-470c-bed6-84a6c5549026", "type": "state_changed", "source": "state_manager", "data": {"task_id": "parent_task_2", "from": "ROLLING_BACK", "to": "CANCELLED"}, "timestamp": "2026-07-16T23:56:22.785455", "parent_id": null}
{"event_id": "96a64a2b-ef4d-453c-9b43-ad4e2857d8a4", "type": "task.finished", "source": "executor", "data": {"task_id": "parent_task_2", "result": {"status": "success", "output": {"msg": "Cascade complete"}, "error": null, "undo_action": {"agent": "SubWorkflowAgent"}}}, "timestamp": "2026-07-16T23:56:22.786995", "parent_id": null}
{"event_id": "b837ec07-a6ab-402e-936f-d8ca885423a7", "type": "state_changed", "source": "state_manager", "data": {"task_id": "parent_task_2", "from": "CANCELLED", "to": "CANCELLED"}, "timestamp": "2026-07-16T23:56:22.788004", "parent_id": null}
{"event_id": "61d9793b-9cc9-4a83-87a9-5fb7409f29d0", "type": "state_changed", "source": "state_manager", "data": {"task_id": "child_task_1", "from": "CANCELLED", "to": "ROLLING_BACK"}, "timestamp": "2026-07-16T23:56:22.788824", "parent_id": null}
{"event_id": "4a1f2472-606d-48d7-b065-b83e30ad4a35", "type": "task.started", "source": "executor", "data": {"task_id": "child_task_1"}, "timestamp": "2026-07-16T23:56:22.789965", "parent_id": null}
{"event_id": "a16474ce-5883-4a5e-8883-44aa04a196d0", "type": "task.finished", "source": "executor", "data": {"task_id": "child_task_1", "result": {"status": "success", "output": {"msg": "Cleanup complete"}, "error": null, "undo_action": {"agent": "FileAgent"}}}, "timestamp": "2026-07-16T23:56:22.791576", "parent_id": null}
{"event_id": "3de7d4bc-d4ab-43bf-81a7-d99363f70a8a", "type": "state_changed", "source": "state_manager", "data": {"task_id": "child_task_1", "from": "ROLLING_BACK", "to": "CANCELLED"}, "timestamp": "2026-07-16T23:56:22.792333", "parent_id": null}
{"event_id": "974ab4ff-c343-4507-92d0-e9f4e6896256", "type": "state_changed", "source": "state_manager", "data": {"task_id": "parent_task_1", "from": "COMPLETED", "to": "ROLLING_BACK"}, "timestamp": "2026-07-16T23:56:22.793376", "parent_id": null}
{"event_id": "0d5d5e17-84cd-4237-927a-3fa6dc134813", "type": "task.started", "source": "executor", "data": {"task_id": "parent_task_1"}, "timestamp": "2026-07-16T23:56:22.794018", "parent_id": null}
{"event_id": "a22397cf-fd72-48ae-a97e-14e4caf14491", "type": "task.finished", "source": "executor", "data": {"task_id": "parent_task_1", "result": {"status": "success", "output": {"msg": "Cleanup complete"}, "error": null, "undo_action": {"agent": "FileAgent"}}}, "timestamp": "2026-07-16T23:56:22.795123", "parent_id": null}
{"event_id": "11213706-d72a-48a0-b3f1-df37fc0c97f8", "type": "state_changed", "source": "state_manager", "data": {"task_id": "parent_task_1", "from": "ROLLING_BACK", "to": "CANCELLED"}, "timestamp": "2026-07-16T23:56:22.795812", "parent_id": null}
{"type": "system.store_started", "message": "--- NEW SESSION ---"}
{"event_id": "db464f8e-bee1-4ed8-afd5-4bfb113571df", "type": "state_changed", "source": "state_manager", "data": {"task_id": "parent_task_1", "from": "PENDING", "to": "RUNNING"}, "timestamp": "2026-07-17T00:21:06.183363", "parent_id": null}
{"event_id": "686c6fc2-0c84-4390-baa4-f405574cc2a8", "type": "task.started", "source": "executor", "data": {"task_id": "parent_task_1"}, "timestamp": "2026-07-17T00:21:06.184960", "parent_id": null}
{"event_id": "2b7c4ccd-225d-481a-99c5-c9ed2d1536f6", "type": "state_changed", "source": "state_manager", "data": {"task_id": "parent_task_1", "from": "RUNNING", "to": "COMPLETED"}, "timestamp": "2026-07-17T00:21:06.197447", "parent_id": null}
{"event_id": "be65b4ba-3ac9-4075-a202-4c8c06493e94", "type": "task.finished", "source": "executor", "data": {"task_id": "parent_task_1", "result": {"status": "success", "output": {"path": "/virtual/data.txt"}, "error": null, "undo_action": {"agent": "FileAgent"}}}, "timestamp": "2026-07-17T00:21:06.197325", "parent_id": null}
{"event_id": "5c4333d5-ec2e-4167-9f95-38c0e6f7c68a", "type": "state_changed", "source": "state_manager", "data": {"task_id": "parent_task_2", "from": "PENDING", "to": "RUNNING"}, "timestamp": "2026-07-17T00:21:06.200006", "parent_id": null}
{"event_id": "5b0690d6-4ade-4e0b-9098-f528390fae74", "type": "task.started", "source": "executor", "data": {"task_id": "parent_task_2"}, "timestamp": "2026-07-17T00:21:06.201624", "parent_id": null}
{"event_id": "17c3dafd-64cb-4d48-8969-12259a3a3ee1", "type": "state_changed", "source": "state_manager", "data": {"task_id": "child_task_1", "from": "PENDING", "to": "RUNNING"}, "timestamp": "2026-07-17T00:21:06.210053", "parent_id": null}
{"event_id": "7d5f4296-ca43-4770-ab72-e7f289f12a35", "type": "task.started", "source": "executor", "data": {"task_id": "child_task_1"}, "timestamp": "2026-07-17T00:21:06.211554", "parent_id": null}
{"event_id": "c9470a9e-f3f2-4c7c-8fc9-faccafda5fe0", "type": "state_changed", "source": "state_manager", "data": {"task_id": "child_task_1", "from": "RUNNING", "to": "COMPLETED"}, "timestamp": "2026-07-17T00:21:06.213823", "parent_id": null}
{"event_id": "8b1053cd-386e-406c-9663-c4ced2a95204", "type": "state_changed", "source": "state_manager", "data": {"task_id": "child_task_1", "from": "COMPLETED", "to": "COMPLETED"}, "timestamp": "2026-07-17T00:21:06.215665", "parent_id": null}
{"event_id": "43371041-caa0-401a-a5ad-5afa4a7d5e50", "type": "task.finished", "source": "executor", "data": {"task_id": "child_task_1", "result": {"status": "success", "output": {"path": "/virtual/data.txt"}, "error": null, "undo_action": {"agent": "FileAgent"}}}, "timestamp": "2026-07-17T00:21:06.213664", "parent_id": null}
{"event_id": "efd81693-b4ce-4b53-b6f7-af724ad4bc2f", "type": "state_changed", "source": "state_manager", "data": {"task_id": "parent_task_2", "from": "RUNNING", "to": "COMPLETED"}, "timestamp": "2026-07-17T00:21:06.220185", "parent_id": null}
{"event_id": "6cd03186-6696-4056-9c92-c74280b34574", "type": "state_changed", "source": "state_manager", "data": {"task_id": "parent_task_2", "from": "COMPLETED", "to": "COMPLETED"}, "timestamp": "2026-07-17T00:21:06.222534", "parent_id": null}
{"event_id": "fb29d045-bf35-436a-ba8b-0ffbec2575e5", "type": "task.finished", "source": "executor", "data": {"task_id": "parent_task_2", "result": {"status": "success", "output": {"child_workflow_id": "child_wf_01"}, "error": null, "undo_action": {"agent": "SubWorkflowAgent"}}}, "timestamp": "2026-07-17T00:21:06.220082", "parent_id": null}
{"event_id": "0b128eab-5bb1-4a42-9dfa-664a0296a124", "type": "state_changed", "source": "state_manager", "data": {"task_id": "parent_task_3", "from": "PENDING", "to": "RUNNING"}, "timestamp": "2026-07-17T00:21:06.226787", "parent_id": null}
{"event_id": "d22fe384-bc59-4569-ae40-ed80207b00f3", "type": "task.started", "source": "executor", "data": {"task_id": "parent_task_3"}, "timestamp": "2026-07-17T00:21:06.228156", "parent_id": null}
{"event_id": "b78f1235-5e38-4bca-84be-20c1965ed38e", "type": "state_changed", "source": "state_manager", "data": {"task_id": "parent_task_3", "from": "RUNNING", "to": "FAILED"}, "timestamp": "2026-07-17T00:21:09.270028", "parent_id": null}
{"event_id": "62c0a0e5-b690-4d43-9745-729d8329372f", "type": "state_changed", "source": "state_manager", "data": {"task_id": "parent_task_3", "from": "FAILED", "to": "FAILED"}, "timestamp": "2026-07-17T00:21:09.270853", "parent_id": null}
{"event_id": "6a9ce24d-c870-442c-aa02-8fe308f2f6e6", "type": "task.finished", "source": "executor", "data": {"task_id": "parent_task_3", "result": {"status": "failed", "output": {}, "error": "Manual Triggered Failure", "undo_action": {"agent": "FailAgent"}}}, "timestamp": "2026-07-17T00:21:09.269868", "parent_id": null}
{"event_id": "b013b20c-9ba4-4e23-82fb-a9d8160561cb", "type": "state_changed", "source": "state_manager", "data": {"task_id": "parent_task_2", "from": "COMPLETED", "to": "ROLLING_BACK"}, "timestamp": "2026-07-17T00:21:09.272329", "parent_id": null}
{"event_id": "5b7b2120-ab62-4a41-86e2-3d19ef994cdc", "type": "task.started", "source": "executor", "data": {"task_id": "parent_task_2"}, "timestamp": "2026-07-17T00:21:09.272975", "parent_id": null}
{"event_id": "1a4167bb-b6e3-46d3-baf5-a1cbbb5bc772", "type": "state_changed", "source": "state_manager", "data": {"task_id": "parent_task_2", "from": "ROLLING_BACK", "to": "ROLLING_BACK"}, "timestamp": "2026-07-17T00:21:09.275091", "parent_id": null}
{"event_id": "0619582e-f426-403e-a774-f0acc17d228e", "type": "task.started", "source": "executor", "data": {"task_id": "parent_task_2"}, "timestamp": "2026-07-17T00:21:09.275895", "parent_id": null}
{"event_id": "7df3b5cc-7fac-41cb-ac59-e3266cdcee1d", "type": "state_changed", "source": "state_manager", "data": {"task_id": "child_task_1", "from": "COMPLETED", "to": "ROLLING_BACK"}, "timestamp": "2026-07-17T00:21:09.282028", "parent_id": null}
{"event_id": "4261239a-1a9e-4639-a036-738dea3c706b", "type": "task.started", "source": "executor", "data": {"task_id": "child_task_1"}, "timestamp": "2026-07-17T00:21:09.283191", "parent_id": null}
{"event_id": "b051ba11-3d5a-4c5d-b801-f54624872798", "type": "task.finished", "source": "executor", "data": {"task_id": "child_task_1", "result": {"status": "success", "output": {"msg": "Cleanup complete"}, "error": null, "undo_action": {"agent": "FileAgent"}}}, "timestamp": "2026-07-17T00:21:09.285537", "parent_id": null}
{"event_id": "6bf31961-4b3c-4a06-ac7f-e75614ff22af", "type": "state_changed", "source": "state_manager", "data": {"task_id": "child_task_1", "from": "ROLLING_BACK", "to": "CANCELLED"}, "timestamp": "2026-07-17T00:21:09.286535", "parent_id": null}
{"event_id": "38f57b85-d636-43de-83d8-570fbfc43437", "type": "task.finished", "source": "executor", "data": {"task_id": "parent_task_2", "result": {"status": "success", "output": {"msg": "Cascade complete"}, "error": null, "undo_action": {"agent": "SubWorkflowAgent"}}}, "timestamp": "2026-07-17T00:21:09.288351", "parent_id": null}
{"event_id": "4eb15387-dd73-4ad0-af17-f30a3d107b16", "type": "state_changed", "source": "state_manager", "data": {"task_id": "parent_task_2", "from": "ROLLING_BACK", "to": "CANCELLED"}, "timestamp": "2026-07-17T00:21:09.289445", "parent_id": null}
{"event_id": "5a378f26-e297-4e8f-af84-d6db8f251265", "type": "task.finished", "source": "executor", "data": {"task_id": "parent_task_2", "result": {"status": "success", "output": {"msg": "Cascade complete"}, "error": null, "undo_action": {"agent": "SubWorkflowAgent"}}}, "timestamp": "2026-07-17T00:21:09.291185", "parent_id": null}
{"event_id": "64634a75-6a71-42ec-8c6d-4502496c0b44", "type": "state_changed", "source": "state_manager", "data": {"task_id": "parent_task_2", "from": "CANCELLED", "to": "CANCELLED"}, "timestamp": "2026-07-17T00:21:09.292534", "parent_id": null}
{"event_id": "ab8b4bbe-9028-48b1-a69f-32a5c602533e", "type": "state_changed", "source": "state_manager", "data": {"task_id": "child_task_1", "from": "CANCELLED", "to": "ROLLING_BACK"}, "timestamp": "2026-07-17T00:21:09.293305", "parent_id": null}
{"event_id": "cb429ef2-86b0-4754-b1e3-f065b9fc5cdb", "type": "task.started", "source": "executor", "data": {"task_id": "child_task_1"}, "timestamp": "2026-07-17T00:21:09.294383", "parent_id": null}
{"event_id": "d84d45ea-0fe9-4139-88c2-9d2fd462dfa4", "type": "task.finished", "source": "executor", "data": {"task_id": "child_task_1", "result": {"status": "success", "output": {"msg": "Cleanup complete"}, "error": null, "undo_action": {"agent": "FileAgent"}}}, "timestamp": "2026-07-17T00:21:09.296532", "parent_id": null}
{"event_id": "7a044426-47ca-4153-a0cb-554878466b04", "type": "state_changed", "source": "state_manager", "data": {"task_id": "child_task_1", "from": "ROLLING_BACK", "to": "CANCELLED"}, "timestamp": "2026-07-17T00:21:09.297700", "parent_id": null}
{"event_id": "8eddeb85-673a-4ce3-b93e-4ef8e58a41a0", "type": "state_changed", "source": "state_manager", "data": {"task_id": "parent_task_1", "from": "COMPLETED", "to": "ROLLING_BACK"}, "timestamp": "2026-07-17T00:21:09.299347", "parent_id": null}
{"event_id": "bffdd829-a08d-45c8-b9ca-676ea26d9c9b", "type": "task.started", "source": "executor", "data": {"task_id": "parent_task_1"}, "timestamp": "2026-07-17T00:21:09.300168", "parent_id": null}
{"event_id": "4a192623-5e63-42f1-a224-48d72187dc6b", "type": "task.finished", "source": "executor", "data": {"task_id": "parent_task_1", "result": {"status": "success", "output": {"msg": "Cleanup complete"}, "error": null, "undo_action": {"agent": "FileAgent"}}}, "timestamp": "2026-07-17T00:21:09.302324", "parent_id": null}
{"event_id": "c820d030-8fe2-4bf5-9c8b-4bddb0603008", "type": "state_changed", "source": "state_manager", "data": {"task_id": "parent_task_1", "from": "ROLLING_BACK", "to": "CANCELLED"}, "timestamp": "2026-07-17T00:21:09.303641", "parent_id": null}
{"type": "system.store_started", "message": "--- NEW SESSION ---"}
{"event_id": "bd81861b-b5bb-4728-b128-266f0f3dec2e", "type": "state_changed", "source": "state_manager", "data": {"task_id": "parent_task_1", "from": "PENDING", "to": "RUNNING"}, "timestamp": "2026-07-17T00:37:15.163912", "parent_id": null}
{"event_id": "354a8257-2676-4052-b1b8-27a8d980dddc", "type": "task.started", "source": "executor", "data": {"task_id": "parent_task_1"}, "timestamp": "2026-07-17T00:37:15.165680", "parent_id": null}
{"event_id": "ba62ac29-ac74-4798-add3-8e397a63cae8", "type": "state_changed", "source": "state_manager", "data": {"task_id": "parent_task_1", "from": "RUNNING", "to": "COMPLETED"}, "timestamp": "2026-07-17T00:37:15.178691", "parent_id": null}
{"event_id": "149de4d0-ca5d-40cd-a367-12de920f3755", "type": "task.finished", "source": "executor", "data": {"task_id": "parent_task_1", "result": {"status": "success", "output": {"path": "/virtual/data.txt"}, "error": null, "undo_action": {"agent": "FileAgent"}}}, "timestamp": "2026-07-17T00:37:15.178436", "parent_id": null}
{"event_id": "5dfa887e-e5ad-41d4-8366-bfc41aa877c6", "type": "state_changed", "source": "state_manager", "data": {"task_id": "parent_task_2", "from": "PENDING", "to": "RUNNING"}, "timestamp": "2026-07-17T00:37:15.183113", "parent_id": null}
{"event_id": "d9584967-b300-4d3d-a44e-82759844ed7a", "type": "task.started", "source": "executor", "data": {"task_id": "parent_task_2"}, "timestamp": "2026-07-17T00:37:15.184651", "parent_id": null}
{"event_id": "9f83fb7a-f216-413a-afd3-3b0044f3a8c2", "type": "state_changed", "source": "state_manager", "data": {"task_id": "child_task_1", "from": "PENDING", "to": "RUNNING"}, "timestamp": "2026-07-17T00:37:15.221325", "parent_id": null}
{"event_id": "0f618d13-c00e-4925-9fc0-deb46bb643cd", "type": "task.started", "source": "executor", "data": {"task_id": "child_task_1"}, "timestamp": "2026-07-17T00:37:15.222567", "parent_id": null}
{"event_id": "66f35040-f860-4ceb-adf0-bec71a9c20ac", "type": "state_changed", "source": "state_manager", "data": {"task_id": "child_task_1", "from": "RUNNING", "to": "COMPLETED"}, "timestamp": "2026-07-17T00:37:15.225105", "parent_id": null}
{"event_id": "f7d94bf4-1abd-4e8c-a218-f528c2db58f6", "type": "state_changed", "source": "state_manager", "data": {"task_id": "child_task_1", "from": "COMPLETED", "to": "COMPLETED"}, "timestamp": "2026-07-17T00:37:15.227694", "parent_id": null}
{"event_id": "05dddee0-668d-4150-9bf4-39923a879de5", "type": "task.finished", "source": "executor", "data": {"task_id": "child_task_1", "result": {"status": "success", "output": {"path": "/virtual/data.txt"}, "error": null, "undo_action": {"agent": "FileAgent"}}}, "timestamp": "2026-07-17T00:37:15.224868", "parent_id": null}
{"event_id": "6c46835a-5261-4167-a3b0-c4219c280ccc", "type": "state_changed", "source": "state_manager", "data": {"task_id": "parent_task_2", "from": "RUNNING", "to": "COMPLETED"}, "timestamp": "2026-07-17T00:37:15.231888", "parent_id": null}
{"event_id": "3292144c-5774-4128-935a-892cc4c25456", "type": "state_changed", "source": "state_manager", "data": {"task_id": "parent_task_2", "from": "COMPLETED", "to": "COMPLETED"}, "timestamp": "2026-07-17T00:37:15.234794", "parent_id": null}
{"event_id": "53dd41bc-4f80-42d8-949b-61864d7612cd", "type": "task.finished", "source": "executor", "data": {"task_id": "parent_task_2", "result": {"status": "success", "output": {"child_workflow_id": "child_wf_01"}, "error": null, "undo_action": {"agent": "SubWorkflowAgent"}}}, "timestamp": "2026-07-17T00:37:15.231465", "parent_id": null}
{"event_id": "bef154d1-f870-458b-ba7b-b5f0ecf0247e", "type": "state_changed", "source": "state_manager", "data": {"task_id": "parent_task_3", "from": "PENDING", "to": "RUNNING"}, "timestamp": "2026-07-17T00:37:15.239201", "parent_id": null}
{"event_id": "04d005e4-3c31-4975-8e82-4a51336cdb24", "type": "task.started", "source": "executor", "data": {"task_id": "parent_task_3"}, "timestamp": "2026-07-17T00:37:15.240155", "parent_id": null}
{"event_id": "bed85a52-be42-4306-a57d-8f857da7e793", "type": "state_changed", "source": "state_manager", "data": {"task_id": "parent_task_3", "from": "RUNNING", "to": "FAILED"}, "timestamp": "2026-07-17T00:37:18.253302", "parent_id": null}
{"event_id": "47c2816d-90e7-44d6-b6cb-6be3e9dbfe65", "type": "state_changed", "source": "state_manager", "data": {"task_id": "parent_task_3", "from": "FAILED", "to": "FAILED"}, "timestamp": "2026-07-17T00:37:18.255760", "parent_id": null}
{"event_id": "12d78a09-45c2-4299-bbe7-551945fa3ec7", "type": "task.finished", "source": "executor", "data": {"task_id": "parent_task_3", "result": {"status": "failed", "output": {}, "error": "Manual Triggered Failure", "undo_action": {"agent": "FailAgent"}}}, "timestamp": "2026-07-17T00:37:18.253037", "parent_id": null}
{"event_id": "d9f2e78d-200f-4c4c-8530-2e429ecdf22d", "type": "state_changed", "source": "state_manager", "data": {"task_id": "parent_task_2", "from": "COMPLETED", "to": "ROLLING_BACK"}, "timestamp": "2026-07-17T00:37:18.258828", "parent_id": null}
{"event_id": "fd0a36b2-0871-4287-9041-010a773dec4e", "type": "task.started", "source": "executor", "data": {"task_id": "parent_task_2"}, "timestamp": "2026-07-17T00:37:18.264547", "parent_id": null}
{"event_id": "9294f6db-a15e-46b8-be1b-6742fa43ae51", "type": "state_changed", "source": "state_manager", "data": {"task_id": "parent_task_2", "from": "ROLLING_BACK", "to": "ROLLING_BACK"}, "timestamp": "2026-07-17T00:37:18.269743", "parent_id": null}
{"event_id": "66296d91-c63d-45f0-9718-9a67135f8cd7", "type": "task.started", "source": "executor", "data": {"task_id": "parent_task_2"}, "timestamp": "2026-07-17T00:37:18.271110", "parent_id": null}
{"event_id": "c990a15e-e035-4237-bcf5-c179007e410d", "type": "state_changed", "source": "state_manager", "data": {"task_id": "child_task_1", "from": "COMPLETED", "to": "ROLLING_BACK"}, "timestamp": "2026-07-17T00:37:18.274868", "parent_id": null}
{"event_id": "fd845602-3e4b-4112-865c-0e013232ac86", "type": "task.started", "source": "executor", "data": {"task_id": "child_task_1"}, "timestamp": "2026-07-17T00:37:18.276034", "parent_id": null}
{"event_id": "85c98b20-9b05-4891-9a94-8e901edc7cdc", "type": "task.finished", "source": "executor", "data": {"task_id": "child_task_1", "result": {"status": "success", "output": {"msg": "Cleanup complete"}, "error": null, "undo_action": {"agent": "FileAgent"}}}, "timestamp": "2026-07-17T00:37:18.278237", "parent_id": null}
{"event_id": "8dd24287-020a-43ad-9166-3dfd1cdb8182", "type": "state_changed", "source": "state_manager", "data": {"task_id": "child_task_1", "from": "ROLLING_BACK", "to": "CANCELLED"}, "timestamp": "2026-07-17T00:37:18.279861", "parent_id": null}
{"event_id": "97072d42-b35d-475e-87ab-7e8a2a9e7364", "type": "task.finished", "source": "executor", "data": {"task_id": "parent_task_2", "result": {"status": "success", "output": {"msg": "Cascade complete"}, "error": null, "undo_action": {"agent": "SubWorkflowAgent"}}}, "timestamp": "2026-07-17T00:37:18.282066", "parent_id": null}
{"event_id": "e5df15ab-ef47-4db3-955f-cecbe6f0534e", "type": "state_changed", "source": "state_manager", "data": {"task_id": "parent_task_2", "from": "ROLLING_BACK", "to": "CANCELLED"}, "timestamp": "2026-07-17T00:37:18.283210", "parent_id": null}
{"event_id": "be8fb670-c16a-42a1-b6dd-15507ee5a53d", "type": "task.finished", "source": "executor", "data": {"task_id": "parent_task_2", "result": {"status": "success", "output": {"msg": "Cascade complete"}, "error": null, "undo_action": {"agent": "SubWorkflowAgent"}}}, "timestamp": "2026-07-17T00:37:18.285665", "parent_id": null}
{"event_id": "68cfe632-7d56-4b73-8640-dfad2cd6a116", "type": "state_changed", "source": "state_manager", "data": {"task_id": "parent_task_2", "from": "CANCELLED", "to": "CANCELLED"}, "timestamp": "2026-07-17T00:37:18.287043", "parent_id": null}
{"event_id": "9eff6657-6bf0-451e-a1b7-f2acefc18420", "type": "state_changed", "source": "state_manager", "data": {"task_id": "child_task_1", "from": "CANCELLED", "to": "ROLLING_BACK"}, "timestamp": "2026-07-17T00:37:18.288632", "parent_id": null}
{"event_id": "ec6b7bdc-5b4a-4541-8240-030f1ab1ea42", "type": "task.started", "source": "executor", "data": {"task_id": "child_task_1"}, "timestamp": "2026-07-17T00:37:18.289864", "parent_id": null}
{"event_id": "f79ee55f-477f-4c93-a8ba-1dc0b9b7ec99", "type": "task.finished", "source": "executor", "data": {"task_id": "child_task_1", "result": {"status": "success", "output": {"msg": "Cleanup complete"}, "error": null, "undo_action": {"agent": "FileAgent"}}}, "timestamp": "2026-07-17T00:37:18.291969", "parent_id": null}
{"event_id": "ee7e2ffd-aa00-4608-be74-fce91c825a2e", "type": "state_changed", "source": "state_manager", "data": {"task_id": "child_task_1", "from": "ROLLING_BACK", "to": "CANCELLED"}, "timestamp": "2026-07-17T00:37:18.293729", "parent_id": null}
{"event_id": "b1f23f0a-73c6-49f9-af92-302560eaa66b", "type": "state_changed", "source": "state_manager", "data": {"task_id": "parent_task_1", "from": "COMPLETED", "to": "ROLLING_BACK"}, "timestamp": "2026-07-17T00:37:18.296900", "parent_id": null}
{"event_id": "85d1e8ef-562e-4ec0-a9c9-931ed1f6de32", "type": "task.started", "source": "executor", "data": {"task_id": "parent_task_1"}, "timestamp": "2026-07-17T00:37:18.298950", "parent_id": null}
{"event_id": "f61d923b-f8c8-402b-8dee-9216fb538521", "type": "task.finished", "source": "executor", "data": {"task_id": "parent_task_1", "result": {"status": "success", "output": {"msg": "Cleanup complete"}, "error": null, "undo_action": {"agent": "FileAgent"}}}, "timestamp": "2026-07-17T00:37:18.303716", "parent_id": null}
{"event_id": "68f4ba1b-b34f-4bfa-a9cb-70d14aa46584", "type": "state_changed", "source": "state_manager", "data": {"task_id": "parent_task_1", "from": "ROLLING_BACK", "to": "CANCELLED"}, "timestamp": "2026-07-17T00:37:18.306268", "parent_id": null}
{"type": "system.store_started", "message": "--- NEW SESSION ---"}
{"event_id": "2ec701eb-99fa-4283-b82a-9043faff3a06", "type": "state_changed", "source": "state_manager", "data": {"task_id": "parent_task_1", "from": "PENDING", "to": "RUNNING"}, "timestamp": "2026-07-17T19:42:37.725771", "parent_id": null}
{"event_id": "3407403b-4ce6-4050-904d-58de786d4bca", "type": "task.started", "source": "executor", "data": {"task_id": "parent_task_1"}, "timestamp": "2026-07-17T19:42:37.730646", "parent_id": null}
{"event_id": "e74910e3-4eff-4a66-8919-ead7132c89b8", "type": "state_changed", "source": "state_manager", "data": {"task_id": "parent_task_1", "from": "RUNNING", "to": "COMPLETED"}, "timestamp": "2026-07-17T19:42:39.725374", "parent_id": null}
{"event_id": "36c606b9-ae78-48da-867e-bcee77c0ee7c", "type": "task.finished", "source": "executor", "data": {"task_id": "parent_task_1", "result": {"status": "success", "output": {"alert": "clear"}, "error": null, "undo_action": {"agent": "SecurityAgent"}}}, "timestamp": "2026-07-17T19:42:39.725092", "parent_id": null}
{"event_id": "9c03b6f8-07e1-40a3-a17c-c91314e8fcaf", "type": "state_changed", "source": "state_manager", "data": {"task_id": "parent_task_2", "from": "PENDING", "to": "RUNNING"}, "timestamp": "2026-07-17T19:42:39.730742", "parent_id": null}
{"event_id": "d68d3768-178a-4d73-b8c8-24cf5f9fcd46", "type": "task.started", "source": "executor", "data": {"task_id": "parent_task_2"}, "timestamp": "2026-07-17T19:42:39.733318", "parent_id": null}
{"event_id": "1472a86f-4d94-45a7-92da-78892888983d", "type": "state_changed", "source": "state_manager", "data": {"task_id": "child_task_1", "from": "PENDING", "to": "RUNNING"}, "timestamp": "2026-07-17T19:42:39.785554", "parent_id": null}
{"event_id": "f3dd12ab-c544-4267-804e-157434fc8586", "type": "task.started", "source": "executor", "data": {"task_id": "child_task_1"}, "timestamp": "2026-07-17T19:42:39.788557", "parent_id": null}
{"event_id": "409ca6aa-3f5c-4654-9a28-f6f46fb9197a", "type": "state_changed", "source": "state_manager", "data": {"task_id": "child_task_1", "from": "RUNNING", "to": "COMPLETED"}, "timestamp": "2026-07-17T19:42:39.798898", "parent_id": null}
{"event_id": "93a18234-6f8a-401c-8441-4deb274fd852", "type": "state_changed", "source": "state_manager", "data": {"task_id": "child_task_1", "from": "COMPLETED", "to": "COMPLETED"}, "timestamp": "2026-07-17T19:42:39.809704", "parent_id": null}
{"event_id": "2dd1025f-c6ee-4b05-934f-3ee376464ea3", "type": "task.finished", "source": "executor", "data": {"task_id": "child_task_1", "result": {"status": "success", "output": {"path": "/virtual/data.txt"}, "error": null, "undo_action": {"agent": "FileAgent"}}}, "timestamp": "2026-07-17T19:42:39.795532", "parent_id": null}
{"event_id": "0ad881cf-bc93-4d8c-80b5-3ab4a9ad841c", "type": "state_changed", "source": "state_manager", "data": {"task_id": "parent_task_2", "from": "RUNNING", "to": "COMPLETED"}, "timestamp": "2026-07-17T19:42:39.836882", "parent_id": null}
{"event_id": "6a443362-d2e6-4393-bc0e-a03e59fb9170", "type": "state_changed", "source": "state_manager", "data": {"task_id": "parent_task_2", "from": "COMPLETED", "to": "COMPLETED"}, "timestamp": "2026-07-17T19:42:39.841694", "parent_id": null}
{"event_id": "56ed2439-c671-4903-82a5-f562548f58ee", "type": "task.finished", "source": "executor", "data": {"task_id": "parent_task_2", "result": {"status": "success", "output": {"child_workflow_id": "child_wf_01"}, "error": null, "undo_action": {"agent": "SubWorkflowAgent"}}}, "timestamp": "2026-07-17T19:42:39.836307", "parent_id": null}
{"event_id": "406c3a61-9404-4a5f-8d51-4bf2b3fb71d9", "type": "state_changed", "source": "state_manager", "data": {"task_id": "parent_task_3", "from": "PENDING", "to": "RUNNING"}, "timestamp": "2026-07-17T19:42:39.849483", "parent_id": null}
{"event_id": "7c0823c7-e8b7-442c-9710-ffaff86b3145", "type": "task.started", "source": "executor", "data": {"task_id": "parent_task_3"}, "timestamp": "2026-07-17T19:42:39.851522", "parent_id": null}
{"event_id": "518920f6-1ee6-4751-935d-4e3c4ccf9cd3", "type": "state_changed", "source": "state_manager", "data": {"task_id": "parent_task_3", "from": "RUNNING", "to": "FAILED"}, "timestamp": "2026-07-17T19:42:42.901099", "parent_id": null}
{"event_id": "afda581f-c6c0-4f9d-bb08-a5e4e9915041", "type": "state_changed", "source": "state_manager", "data": {"task_id": "parent_task_3", "from": "FAILED", "to": "FAILED"}, "timestamp": "2026-07-17T19:42:42.902992", "parent_id": null}
{"event_id": "1bf84d5e-9a64-45de-9560-7ac809621b3b", "type": "task.finished", "source": "executor", "data": {"task_id": "parent_task_3", "result": {"status": "failed", "output": {}, "error": "Manual Triggered Failure", "undo_action": {"agent": "FailAgent"}}}, "timestamp": "2026-07-17T19:42:42.899982", "parent_id": null}
{"event_id": "3140f95d-3471-4ed6-9fe3-0c18730f7e68", "type": "state_changed", "source": "state_manager", "data": {"task_id": "parent_task_2", "from": "COMPLETED", "to": "ROLLING_BACK"}, "timestamp": "2026-07-17T19:42:42.905826", "parent_id": null}
{"event_id": "ac9175bb-4296-4e91-b247-27c3ca575481", "type": "task.started", "source": "executor", "data": {"task_id": "parent_task_2"}, "timestamp": "2026-07-17T19:42:42.906963", "parent_id": null}
{"event_id": "5a2ab152-bc3c-48ae-bac8-d4bcbc4b0df0", "type": "state_changed", "source": "state_manager", "data": {"task_id": "parent_task_2", "from": "ROLLING_BACK", "to": "ROLLING_BACK"}, "timestamp": "2026-07-17T19:42:42.912191", "parent_id": null}
{"event_id": "942663af-6ed8-4e26-9549-bffed67929b2", "type": "task.started", "source": "executor", "data": {"task_id": "parent_task_2"}, "timestamp": "2026-07-17T19:42:42.913455", "parent_id": null}
{"event_id": "beaf6b3c-73ba-4cff-a3e6-e4334b383d9a", "type": "state_changed", "source": "state_manager", "data": {"task_id": "child_task_1", "from": "COMPLETED", "to": "ROLLING_BACK"}, "timestamp": "2026-07-17T19:42:42.916853", "parent_id": null}
{"event_id": "7c8e781f-84de-40c2-a878-5891b00959cb", "type": "task.started", "source": "executor", "data": {"task_id": "child_task_1"}, "timestamp": "2026-07-17T19:42:42.918549", "parent_id": null}
{"event_id": "71f93175-3cea-4ff7-a480-d299267aa868", "type": "task.finished", "source": "executor", "data": {"task_id": "child_task_1", "result": {"status": "success", "output": {"msg": "Cleanup complete"}, "error": null, "undo_action": {"agent": "FileAgent"}}}, "timestamp": "2026-07-17T19:42:42.920809", "parent_id": null}
{"event_id": "251d11c1-e21a-43d7-9093-3528e5a142dc", "type": "state_changed", "source": "state_manager", "data": {"task_id": "child_task_1", "from": "ROLLING_BACK", "to": "CANCELLED"}, "timestamp": "2026-07-17T19:42:42.922236", "parent_id": null}
{"event_id": "fba279d0-c6dc-4254-93ef-ea6ae7e2537a", "type": "task.finished", "source": "executor", "data": {"task_id": "parent_task_2", "result": {"status": "success", "output": {"msg": "Cascade complete"}, "error": null, "undo_action": {"agent": "SubWorkflowAgent"}}}, "timestamp": "2026-07-17T19:42:42.923855", "parent_id": null}
{"event_id": "70b21cac-16ee-4ff6-8bb0-db8b37b48bc7", "type": "state_changed", "source": "state_manager", "data": {"task_id": "parent_task_2", "from": "ROLLING_BACK", "to": "CANCELLED"}, "timestamp": "2026-07-17T19:42:42.925573", "parent_id": null}
{"event_id": "b5d35623-54e9-41f5-af6d-69495b00a9d9", "type": "task.finished", "source": "executor", "data": {"task_id": "parent_task_2", "result": {"status": "success", "output": {"msg": "Cascade complete"}, "error": null, "undo_action": {"agent": "SubWorkflowAgent"}}}, "timestamp": "2026-07-17T19:42:42.927519", "parent_id": null}
{"event_id": "5f65bd90-446b-4d90-a70a-7be3b08678e0", "type": "state_changed", "source": "state_manager", "data": {"task_id": "parent_task_2", "from": "CANCELLED", "to": "CANCELLED"}, "timestamp": "2026-07-17T19:42:42.928936", "parent_id": null}
{"event_id": "1e72f7d7-5d57-4dcf-a1d9-a0cd8e689c0b", "type": "state_changed", "source": "state_manager", "data": {"task_id": "child_task_1", "from": "CANCELLED", "to": "ROLLING_BACK"}, "timestamp": "2026-07-17T19:42:42.930118", "parent_id": null}
{"event_id": "cdaad870-a556-449d-8b43-a4dbd00e19dd", "type": "task.started", "source": "executor", "data": {"task_id": "child_task_1"}, "timestamp": "2026-07-17T19:42:42.930936", "parent_id": null}
{"event_id": "a52930fa-ad1d-45ce-8e50-7d71df964b74", "type": "task.finished", "source": "executor", "data": {"task_id": "child_task_1", "result": {"status": "success", "output": {"msg": "Cleanup complete"}, "error": null, "undo_action": {"agent": "FileAgent"}}}, "timestamp": "2026-07-17T19:42:42.933088", "parent_id": null}
{"event_id": "0d05c543-6b36-4717-854a-bdd8dac187ca", "type": "state_changed", "source": "state_manager", "data": {"task_id": "child_task_1", "from": "ROLLING_BACK", "to": "CANCELLED"}, "timestamp": "2026-07-17T19:42:42.934650", "parent_id": null}
{"event_id": "6b8b7e94-d702-4c8f-82c3-e95a4081ed2c", "type": "state_changed", "source": "state_manager", "data": {"task_id": "parent_task_1", "from": "COMPLETED", "to": "ROLLING_BACK"}, "timestamp": "2026-07-17T19:42:42.935390", "parent_id": null}
{"event_id": "5d5a5f61-1d35-48ad-bcfa-a4615c90ad19", "type": "task.started", "source": "executor", "data": {"task_id": "parent_task_1"}, "timestamp": "2026-07-17T19:42:42.936567", "parent_id": null}
{"event_id": "ef776305-3197-4845-8dc0-c861b7ab89d6", "type": "task.finished", "source": "executor", "data": {"task_id": "parent_task_1", "result": {"status": "success", "output": {"msg": "Undo clear"}, "error": null, "undo_action": {"agent": "SecurityAgent"}}}, "timestamp": "2026-07-17T19:42:42.937969", "parent_id": null}
{"event_id": "caaa632a-c017-4717-b2d7-6f0e83c7df79", "type": "state_changed", "source": "state_manager", "data": {"task_id": "parent_task_1", "from": "ROLLING_BACK", "to": "CANCELLED"}, "timestamp": "2026-07-17T19:42:42.939414", "parent_id": null}
{"type": "system.store_started", "message": "--- NEW SESSION ---"}
{"type": "system.store_started", "message": "--- NEW SESSION ---"}
{"type": "system.store_started", "message": "--- NEW SESSION ---"}
{"type": "system.store_started", "message": "--- NEW SESSION ---"}
{"event_id": "cd840b0c-bcc9-467f-a7f0-a6a198a847f7", "type": "state_changed", "source": "state_manager", "data": {"task_id": "master_task", "from": "PENDING", "to": "RUNNING"}, "timestamp": "2026-07-17T20:59:15.035671", "parent_id": null}
{"event_id": "34b2896a-a6fc-45f2-a03b-7e6740f08931", "type": "task.started", "source": "executor", "data": {"task_id": "master_task"}, "timestamp": "2026-07-17T20:59:15.037548", "parent_id": null}
{"event_id": "1d7afa66-6a30-4e0d-832f-8d311beb61e9", "type": "state_changed", "source": "state_manager", "data": {"task_id": "task_1", "from": "PENDING", "to": "RUNNING"}, "timestamp": "2026-07-17T20:59:15.050104", "parent_id": null}
{"event_id": "a1bc5eb2-55c7-4494-b5dd-2f63197562c2", "type": "task.started", "source": "executor", "data": {"task_id": "task_1"}, "timestamp": "2026-07-17T20:59:15.052221", "parent_id": null}
{"event_id": "337a201f-46dc-4f5d-80f1-dec4f7903fe9", "type": "state_changed", "source": "state_manager", "data": {"task_id": "task_1", "from": "RUNNING", "to": "COMPLETED"}, "timestamp": "2026-07-17T20:59:16.977647", "parent_id": null}
{"event_id": "c533311a-5529-467d-bd52-3c2808fd55e7", "type": "task.finished", "source": "executor", "data": {"task_id": "task_1", "result": {"status": "success", "output": {"alert": "clear"}, "error": null, "undo_action": {"agent": "SecurityAgent"}}}, "timestamp": "2026-07-17T20:59:16.977041", "parent_id": null}
{"event_id": "cae4fd9a-51b1-4db8-8565-09990b524367", "type": "state_changed", "source": "state_manager", "data": {"task_id": "master_task", "from": "RUNNING", "to": "COMPLETED"}, "timestamp": "2026-07-17T20:59:16.987302", "parent_id": null}
{"event_id": "c39fb0ff-aef8-4a82-a2f3-2feb31a51b57", "type": "task.finished", "source": "executor", "data": {"task_id": "master_task", "result": {"status": "success", "output": {"plan_executed": "auto_security_plan"}, "error": null, "undo_action": {"agent": "PlannerAgent"}}}, "timestamp": "2026-07-17T20:59:16.985681", "parent_id": null}
